// Jest Snapshot v1, https://goo.gl/fbAQLP

exports[`App snapshot renders 1`] = `
<div
  className="App"
>
  <div
    className="FeaturesDetails"
  >
    <h3
      className="FeaturesDetails-header"
    >
      
    </h3>
  </div>
</div>
`;
