// Jest Snapshot v1, https://goo.gl/fbAQLP

exports[`FeaturesDetails snapshot renders 1`] = `
<div
  className="FeaturesDetails"
>
  <div>
    1
  </div>
  <div>
    2
  </div>
  <div>
    3
  </div>
</div>
`;
